// Jest Snapshot v1, https://goo.gl/fbAQLP

exports[`renders learn react link 1`] = `
Array [
  <div
    className="Toastify"
  />,
  <div>
    <div
      className="center"
    >
      <div
        className="sc-AxjAm dFebJs"
      >
        <div
          className="sc-AxirZ bSKiQU"
          color="#00bfff"
          size={50}
        />
      </div>
    </div>
  </div>,
]
`;
